
foobar：     文件格式 elf64-x86-64


Disassembly of section .text:

00000000004000f0 <.text>:
  4000f0:	e8 23 00 00 00       	callq  0x400118
  4000f5:	bb 00 00 00 00       	mov    $0x0,%ebx
  4000fa:	b8 01 00 00 00       	mov    $0x1,%eax
  4000ff:	cd 80                	int    $0x80
  400101:	67 8b 54 24 08       	mov    0x8(%esp),%edx
  400106:	67 8b 4c 24 04       	mov    0x4(%esp),%ecx
  40010b:	bb 01 00 00 00       	mov    $0x1,%ebx
  400110:	b8 04 00 00 00       	mov    $0x4,%eax
  400115:	cd 80                	int    $0x80
  400117:	c3                   	retq   
  400118:	55                   	push   %rbp
  400119:	48 89 e5             	mov    %rsp,%rbp
  40011c:	be 0d 00 00 00       	mov    $0xd,%esi
  400121:	bf 2e 01 40 00       	mov    $0x40012e,%edi
  400126:	e8 d6 ff ff ff       	callq  0x400101
  40012b:	90                   	nop
  40012c:	5d                   	pop    %rbp
  40012d:	c3                   	retq   
00000000  7F45              jg 0x47
00000002  4C                dec sp
00000003  46                inc si
00000004  0201              add al,[bx+di]
00000006  0100              add [bx+si],ax
00000008  0000              add [bx+si],al
0000000A  0000              add [bx+si],al
0000000C  0000              add [bx+si],al
0000000E  0000              add [bx+si],al
00000010  0200              add al,[bx+si]
00000012  3E0001            add [ds:bx+di],al
00000015  0000              add [bx+si],al
00000017  00F0              add al,dh
00000019  004000            add [bx+si+0x0],al
0000001C  0000              add [bx+si],al
0000001E  0000              add [bx+si],al
00000020  40                inc ax
00000021  0000              add [bx+si],al
00000023  0000              add [bx+si],al
00000025  0000              add [bx+si],al
00000027  00C8              add al,cl
00000029  0100              add [bx+si],ax
0000002B  0000              add [bx+si],al
0000002D  0000              add [bx+si],al
0000002F  0000              add [bx+si],al
00000031  0000              add [bx+si],al
00000033  004000            add [bx+si+0x0],al
00000036  3800              cmp [bx+si],al
00000038  0300              add ax,[bx+si]
0000003A  40                inc ax
0000003B  0007              add [bx],al
0000003D  00060001          add [0x100],al
00000041  0000              add [bx+si],al
00000043  0005              add [di],al
00000045  0000              add [bx+si],al
00000047  0000              add [bx+si],al
00000049  0000              add [bx+si],al
0000004B  0000              add [bx+si],al
0000004D  0000              add [bx+si],al
0000004F  0000              add [bx+si],al
00000051  004000            add [bx+si+0x0],al
00000054  0000              add [bx+si],al
00000056  0000              add [bx+si],al
00000058  0000              add [bx+si],al
0000005A  40                inc ax
0000005B  0000              add [bx+si],al
0000005D  0000              add [bx+si],al
0000005F  007801            add [bx+si+0x1],bh
00000062  0000              add [bx+si],al
00000064  0000              add [bx+si],al
00000066  0000              add [bx+si],al
00000068  7801              js 0x6b
0000006A  0000              add [bx+si],al
0000006C  0000              add [bx+si],al
0000006E  0000              add [bx+si],al
00000070  0000              add [bx+si],al
00000072  2000              and [bx+si],al
00000074  0000              add [bx+si],al
00000076  0000              add [bx+si],al
00000078  0100              add [bx+si],ax
0000007A  0000              add [bx+si],al
0000007C  06                push es
0000007D  0000              add [bx+si],al
0000007F  007801            add [bx+si+0x1],bh
00000082  0000              add [bx+si],al
00000084  0000              add [bx+si],al
00000086  0000              add [bx+si],al
00000088  7801              js 0x8b
0000008A  60                pushaw
0000008B  0000              add [bx+si],al
0000008D  0000              add [bx+si],al
0000008F  007801            add [bx+si+0x1],bh
00000092  60                pushaw
00000093  0000              add [bx+si],al
00000095  0000              add [bx+si],al
00000097  0008              add [bx+si],cl
00000099  0000              add [bx+si],al
0000009B  0000              add [bx+si],al
0000009D  0000              add [bx+si],al
0000009F  0008              add [bx+si],cl
000000A1  0000              add [bx+si],al
000000A3  0000              add [bx+si],al
000000A5  0000              add [bx+si],al
000000A7  0000              add [bx+si],al
000000A9  0020              add [bx+si],ah
000000AB  0000              add [bx+si],al
000000AD  0000              add [bx+si],al
000000AF  0051E5            add [bx+di-0x1b],dl
000000B2  7464              jz 0x118
000000B4  07                pop es
000000B5  0000              add [bx+si],al
000000B7  0000              add [bx+si],al
000000B9  0000              add [bx+si],al
000000BB  0000              add [bx+si],al
000000BD  0000              add [bx+si],al
000000BF  0000              add [bx+si],al
000000C1  0000              add [bx+si],al
000000C3  0000              add [bx+si],al
000000C5  0000              add [bx+si],al
000000C7  0000              add [bx+si],al
000000C9  0000              add [bx+si],al
000000CB  0000              add [bx+si],al
000000CD  0000              add [bx+si],al
000000CF  0000              add [bx+si],al
000000D1  0000              add [bx+si],al
000000D3  0000              add [bx+si],al
000000D5  0000              add [bx+si],al
000000D7  0000              add [bx+si],al
000000D9  0000              add [bx+si],al
000000DB  0000              add [bx+si],al
000000DD  0000              add [bx+si],al
000000DF  0010              add [bx+si],dl
000000E1  0000              add [bx+si],al
000000E3  0000              add [bx+si],al
000000E5  0000              add [bx+si],al
000000E7  0000              add [bx+si],al
000000E9  0000              add [bx+si],al
000000EB  0000              add [bx+si],al
000000ED  0000              add [bx+si],al
000000EF  00E8              add al,ch
000000F1  2300              and ax,[bx+si]
000000F3  0000              add [bx+si],al
000000F5  BB0000            mov bx,0x0
000000F8  0000              add [bx+si],al
000000FA  B80100            mov ax,0x1
000000FD  0000              add [bx+si],al
000000FF  CD80              int 0x80
00000101  678B542408        mov dx,[dword esp+0x8]
00000106  678B4C2404        mov cx,[dword esp+0x4]
0000010B  BB0100            mov bx,0x1
0000010E  0000              add [bx+si],al
00000110  B80400            mov ax,0x4
00000113  0000              add [bx+si],al
00000115  CD80              int 0x80
00000117  C3                ret
00000118  55                push bp
00000119  48                dec ax
0000011A  89E5              mov bp,sp
0000011C  BE0D00            mov si,0xd
0000011F  0000              add [bx+si],al
00000121  BF2E01            mov di,0x12e
00000124  40                inc ax
00000125  00E8              add al,ch
00000127  D6                salc
00000128  FF                db 0xff
00000129  FF                db 0xff
0000012A  FF905DC3          call word [bx+si-0x3ca3]
0000012E  7468              jz 0x198
00000130  652032            and [gs:bp+si],dh
00000133  6E                outsb
00000134  64206F6E          and [fs:bx+0x6e],ch
00000138  650A00            or al,[gs:bx+si]
0000013B  0000              add [bx+si],al
0000013D  0000              add [bx+si],al
0000013F  0014              add [si],dl
00000141  0000              add [bx+si],al
00000143  0000              add [bx+si],al
00000145  0000              add [bx+si],al
00000147  0001              add [bx+di],al
00000149  7A52              jpe 0x19d
0000014B  0001              add [bx+di],al
0000014D  7810              js 0x15f
0000014F  011B              add [bp+di],bx
00000151  0C07              or al,0x7
00000153  08900100          or [bx+si+0x1],dl
00000157  001C              add [si],bl
00000159  0000              add [bx+si],al
0000015B  001C              add [si],bl
0000015D  0000              add [bx+si],al
0000015F  00B8FFFF          add [bx+si-0x1],bh
00000163  FF160000          call word [0x0]
00000167  0000              add [bx+si],al
00000169  41                inc cx
0000016A  0E                push cs
0000016B  10860243          adc [bp+0x4302],al
0000016F  0D0651            or ax,0x5106
00000172  0C07              or al,0x7
00000174  0800              or [bx+si],al
00000176  0000              add [bx+si],al
00000178  0300              add ax,[bx+si]
0000017A  0000              add [bx+si],al
0000017C  0400              add al,0x0
0000017E  0000              add [bx+si],al
00000180  47                inc di
00000181  43                inc bx
00000182  43                inc bx
00000183  3A20              cmp ah,[bx+si]
00000185  28474E            sub [bx+0x4e],al
00000188  55                push bp
00000189  2920              sub [bx+si],sp
0000018B  352E33            xor ax,0x332e
0000018E  2E3000            xor [cs:bx+si],al
00000191  002E7368          add [0x6873],ch
00000195  7374              jnc 0x20b
00000197  7274              jc 0x20d
00000199  61                popaw
0000019A  6200              bound ax,[bx+si]
0000019C  2E7465            cs jz 0x204
0000019F  7874              js 0x215
000001A1  002E726F          add [0x6f72],ch
000001A5  6461              fs popaw
000001A7  7461              jz 0x20a
000001A9  002E6568          add [0x6865],ch
000001AD  5F                pop di
000001AE  667261            o32 jc 0x212
000001B1  6D                insw
000001B2  65002E6461        add [gs:0x6164],ch
000001B7  7461              jz 0x21a
000001B9  002E636F          add [0x6f63],ch
000001BD  6D                insw
000001BE  6D                insw
000001BF  656E              gs outsb
000001C1  7400              jz 0x1c3
000001C3  0000              add [bx+si],al
000001C5  0000              add [bx+si],al
000001C7  0000              add [bx+si],al
000001C9  0000              add [bx+si],al
000001CB  0000              add [bx+si],al
000001CD  0000              add [bx+si],al
000001CF  0000              add [bx+si],al
000001D1  0000              add [bx+si],al
000001D3  0000              add [bx+si],al
000001D5  0000              add [bx+si],al
000001D7  0000              add [bx+si],al
000001D9  0000              add [bx+si],al
000001DB  0000              add [bx+si],al
000001DD  0000              add [bx+si],al
000001DF  0000              add [bx+si],al
000001E1  0000              add [bx+si],al
000001E3  0000              add [bx+si],al
000001E5  0000              add [bx+si],al
000001E7  0000              add [bx+si],al
000001E9  0000              add [bx+si],al
000001EB  0000              add [bx+si],al
000001ED  0000              add [bx+si],al
000001EF  0000              add [bx+si],al
000001F1  0000              add [bx+si],al
000001F3  0000              add [bx+si],al
000001F5  0000              add [bx+si],al
000001F7  0000              add [bx+si],al
000001F9  0000              add [bx+si],al
000001FB  0000              add [bx+si],al
000001FD  0000              add [bx+si],al
000001FF  0000              add [bx+si],al
00000201  0000              add [bx+si],al
00000203  0000              add [bx+si],al
00000205  0000              add [bx+si],al
00000207  000B              add [bp+di],cl
00000209  0000              add [bx+si],al
0000020B  0001              add [bx+di],al
0000020D  0000              add [bx+si],al
0000020F  00060000          add [0x0],al
00000213  0000              add [bx+si],al
00000215  0000              add [bx+si],al
00000217  00F0              add al,dh
00000219  004000            add [bx+si+0x0],al
0000021C  0000              add [bx+si],al
0000021E  0000              add [bx+si],al
00000220  F00000            lock add [bx+si],al
00000223  0000              add [bx+si],al
00000225  0000              add [bx+si],al
00000227  003E0000          add [0x0],bh
0000022B  0000              add [bx+si],al
0000022D  0000              add [bx+si],al
0000022F  0000              add [bx+si],al
00000231  0000              add [bx+si],al
00000233  0000              add [bx+si],al
00000235  0000              add [bx+si],al
00000237  0010              add [bx+si],dl
00000239  0000              add [bx+si],al
0000023B  0000              add [bx+si],al
0000023D  0000              add [bx+si],al
0000023F  0000              add [bx+si],al
00000241  0000              add [bx+si],al
00000243  0000              add [bx+si],al
00000245  0000              add [bx+si],al
00000247  0011              add [bx+di],dl
00000249  0000              add [bx+si],al
0000024B  0001              add [bx+di],al
0000024D  0000              add [bx+si],al
0000024F  0002              add [bp+si],al
00000251  0000              add [bx+si],al
00000253  0000              add [bx+si],al
00000255  0000              add [bx+si],al
00000257  002E0140          add [0x4001],ch
0000025B  0000              add [bx+si],al
0000025D  0000              add [bx+si],al
0000025F  002E0100          add [0x1],ch
00000263  0000              add [bx+si],al
00000265  0000              add [bx+si],al
00000267  000D              add [di],cl
00000269  0000              add [bx+si],al
0000026B  0000              add [bx+si],al
0000026D  0000              add [bx+si],al
0000026F  0000              add [bx+si],al
00000271  0000              add [bx+si],al
00000273  0000              add [bx+si],al
00000275  0000              add [bx+si],al
00000277  0001              add [bx+di],al
00000279  0000              add [bx+si],al
0000027B  0000              add [bx+si],al
0000027D  0000              add [bx+si],al
0000027F  0000              add [bx+si],al
00000281  0000              add [bx+si],al
00000283  0000              add [bx+si],al
00000285  0000              add [bx+si],al
00000287  0019              add [bx+di],bl
00000289  0000              add [bx+si],al
0000028B  0001              add [bx+di],al
0000028D  0000              add [bx+si],al
0000028F  0002              add [bp+si],al
00000291  0000              add [bx+si],al
00000293  0000              add [bx+si],al
00000295  0000              add [bx+si],al
00000297  004001            add [bx+si+0x1],al
0000029A  40                inc ax
0000029B  0000              add [bx+si],al
0000029D  0000              add [bx+si],al
0000029F  004001            add [bx+si+0x1],al
000002A2  0000              add [bx+si],al
000002A4  0000              add [bx+si],al
000002A6  0000              add [bx+si],al
000002A8  3800              cmp [bx+si],al
000002AA  0000              add [bx+si],al
000002AC  0000              add [bx+si],al
000002AE  0000              add [bx+si],al
000002B0  0000              add [bx+si],al
000002B2  0000              add [bx+si],al
000002B4  0000              add [bx+si],al
000002B6  0000              add [bx+si],al
000002B8  0800              or [bx+si],al
000002BA  0000              add [bx+si],al
000002BC  0000              add [bx+si],al
000002BE  0000              add [bx+si],al
000002C0  0000              add [bx+si],al
000002C2  0000              add [bx+si],al
000002C4  0000              add [bx+si],al
000002C6  0000              add [bx+si],al
000002C8  2300              and ax,[bx+si]
000002CA  0000              add [bx+si],al
000002CC  0100              add [bx+si],ax
000002CE  0000              add [bx+si],al
000002D0  0300              add ax,[bx+si]
000002D2  0000              add [bx+si],al
000002D4  0000              add [bx+si],al
000002D6  0000              add [bx+si],al
000002D8  7801              js 0x2db
000002DA  60                pushaw
000002DB  0000              add [bx+si],al
000002DD  0000              add [bx+si],al
000002DF  007801            add [bx+si+0x1],bh
000002E2  0000              add [bx+si],al
000002E4  0000              add [bx+si],al
000002E6  0000              add [bx+si],al
000002E8  0800              or [bx+si],al
000002EA  0000              add [bx+si],al
000002EC  0000              add [bx+si],al
000002EE  0000              add [bx+si],al
000002F0  0000              add [bx+si],al
000002F2  0000              add [bx+si],al
000002F4  0000              add [bx+si],al
000002F6  0000              add [bx+si],al
000002F8  0400              add al,0x0
000002FA  0000              add [bx+si],al
000002FC  0000              add [bx+si],al
000002FE  0000              add [bx+si],al
00000300  0000              add [bx+si],al
00000302  0000              add [bx+si],al
00000304  0000              add [bx+si],al
00000306  0000              add [bx+si],al
00000308  2900              sub [bx+si],ax
0000030A  0000              add [bx+si],al
0000030C  0100              add [bx+si],ax
0000030E  0000              add [bx+si],al
00000310  3000              xor [bx+si],al
00000312  0000              add [bx+si],al
00000314  0000              add [bx+si],al
00000316  0000              add [bx+si],al
00000318  0000              add [bx+si],al
0000031A  0000              add [bx+si],al
0000031C  0000              add [bx+si],al
0000031E  0000              add [bx+si],al
00000320  800100            add byte [bx+di],0x0
00000323  0000              add [bx+si],al
00000325  0000              add [bx+si],al
00000327  0011              add [bx+di],dl
00000329  0000              add [bx+si],al
0000032B  0000              add [bx+si],al
0000032D  0000              add [bx+si],al
0000032F  0000              add [bx+si],al
00000331  0000              add [bx+si],al
00000333  0000              add [bx+si],al
00000335  0000              add [bx+si],al
00000337  0001              add [bx+di],al
00000339  0000              add [bx+si],al
0000033B  0000              add [bx+si],al
0000033D  0000              add [bx+si],al
0000033F  0001              add [bx+di],al
00000341  0000              add [bx+si],al
00000343  0000              add [bx+si],al
00000345  0000              add [bx+si],al
00000347  0001              add [bx+di],al
00000349  0000              add [bx+si],al
0000034B  0003              add [bp+di],al
0000034D  0000              add [bx+si],al
0000034F  0000              add [bx+si],al
00000351  0000              add [bx+si],al
00000353  0000              add [bx+si],al
00000355  0000              add [bx+si],al
00000357  0000              add [bx+si],al
00000359  0000              add [bx+si],al
0000035B  0000              add [bx+si],al
0000035D  0000              add [bx+si],al
0000035F  00910100          add [bx+di+0x1],dl
00000363  0000              add [bx+si],al
00000365  0000              add [bx+si],al
00000367  0032              add [bp+si],dh
00000369  0000              add [bx+si],al
0000036B  0000              add [bx+si],al
0000036D  0000              add [bx+si],al
0000036F  0000              add [bx+si],al
00000371  0000              add [bx+si],al
00000373  0000              add [bx+si],al
00000375  0000              add [bx+si],al
00000377  0001              add [bx+di],al
00000379  0000              add [bx+si],al
0000037B  0000              add [bx+si],al
0000037D  0000              add [bx+si],al
0000037F  0000              add [bx+si],al
00000381  0000              add [bx+si],al
00000383  0000              add [bx+si],al
00000385  0000              add [bx+si],al
00000387  00                db 0x00
